# 退出adb
$ ctrl + C

# 设置网络adb（通过USB方式）
$ adb tcpip 5555
  adb connect ipAddress:5555

# 在手机上开启ADB，首先在手机设备上下载模拟终端命令行界面，运行（要有root权限）
  su
  setprop service.adb.tcp.port 555
  stop adbd 
  start adbd

# 查看CPU信息
$ adb shell
  cat /proc/cpuinfo 或者dumpsys cpuinfo

# 查看CPU占用率
$ adb -s emulator-5554 shell
  top -m 10 -s cpu

# 查看mac地址
$ adb shell
  cat /sys/class/net/wlan0/address

# 查看系统存储
$ adb shell df

# 查看系统内存信息
$ adb shell
  cat /proc/meminfo 或者 dumpsys meminfo

# 查看某个应用、进程内存使用情况
$ adb shell dumpsys meminfo com.zopodo.terminal

# 推送电脑文件到设备
$ adb push e:/video-js /sdcard/Android/data/com.zopodo.terminal/files
$ adb push e:/video-js /sdcard/Download

# 查看文件夹
$ adb shell
  或者cd sdcard 查看根目录然后ls（cd /mnt/sdcard/Android/data/com.zopodo.terminal/）
  或者cd /data/data/ 
  pm list package，查看所有包名
  cd 包名
  ls -l （查看文件详细信息）
  su

# 查看文件内容
$ adb shell cat /sdcard/Download/test.txt

# 查看数据库
$ adb shell
  cd /data/data/
  cd com.zopodo.terminal
  cd databases
  ls -l
  sqlite3 info.db   (进入某数据库)
  .tables           (查看建的表)
  pragma table_info(table-name)  (可选，查看表的数据结构)
  .mode line (可选，接上面切换显示模式，然后再重新输入pragma命令)
  select * from table-name;   (查看整个表的信息，注意有分号)
  .exit 或者 .quit  (退出数据库)

ctrl + Z返回到上一级


# 查看打印的日志，和在AS上查看控制台日志一样
$ adb logcat
  adb logcat -s System.out   (过滤日志，只输出这些开头的日志)
$ adb shell
  logcat | grep error    （过滤日志，只显示有error的)
  

# 备份手机系统
$ adb backup -all (备份整个系统)
$ adb backup [-f <file>] [-apk|-noapk] [-shared|-noshared][-all] [-system|nosystem][<packages...>]
  代码 -f<file>设置备份后的文件名和路径。比如"C:\dxy.ab"，扩展名是ab。
  代码:-apk|-noapk选择是否备份APK程序本身。
  代码:-shared|-noshared是否备份SD卡。
  代码:-system|-nosystem是否备份系统程序。
  代码:<packages...>指定备份具体的应用程序。
如：adb backup -nosystem -noshared -apk -f com.tantan.apk com.p1.moblie.putong
    adb backup -f mm.ab -noapk -noshared -nosystem com.tencent.mm

# 恢复备份的数据
$ adb restore <your backup file dir> 或 adb restore com.tantan.apk

# 查看设备ip地址
$ adb shell netcfg

#用adb获得手机里面某个apk的应用信息、版本信息
$ adb shell dumpsys package com.sy.a268

# 列出所有
　adb shell dumpsys 

# 用adb启动apk
　　adb shell am start -n com.sy.a268/com.sy.a268.MainActivity

# 强行停止某一个进程
  adb shell  am force-stop <package>
比如： am force-stop com.android.launcher

# 随机产生事件给某个应用程序, 随机产生500个事件给程序。你会发现你的程序不断的被点击，旋转！
　　adb  shell  monkey -p  com.sy.a268  -v 500

# 将应用程序的apk文件push到手机中
   adb push d:/xxxx.apk /system/app.

# 用adb install xxxx.apk进行安装
  例如： adb install -r app.apk

# 用直接安装的方式进行安装,会将应用程序安装到 /data/local/tmp/ 目录下,设备中不会保存apk文件
  adb install -r /home/SoundRecorder.apk     //注： -r 表示强制安装
  adb install --(apk完整路径）
  例如：adb install c:/NetScramble_1.1.apk
	adb install /sdcard/QQ_500.apk

# 卸载APK
  adb shell rm data/app/NetScramble_1.1.apk 

例如:
  adb uninstall com.zopodo.terminal

# 进入指定设备或模拟器
$ adb devices
    List of devices attached
    emulator-5554   device
    emulator-5556   device

  adb -s emulator-5554 shell

# 截屏命令
$ adb shell /system/bin/screencap -p /sdcard/screenshot.png（保存到SDCard）
  adb pull /sdcard/screenshot.png d:/screenshot.png（保存到电脑，注意 F:\\mvp 为电脑路径，必须存在）

# 截屏直接保存到电脑
$ adb shell screencap -p | sed 's/\r$//' > screenshot.png
  adb shell screencap -p savePath.png  （系统2.3以上）
  adb shell screenshot xxx.png          (系统4.0以上)
  例如：需要注意的是，图片会保存在当前 cmd 启动的路径，screen.png 为图片的名字

比如我在 C:\Users\Administrator 执行命令，那么将会保存在 C:\Users\Administrator 目录下。

C:\Users\Administrator>adb shell screencap -p | sed 's/\r$//' > screen.png